[2024-03-11T02:58:40.386-0400][gc,init] CardTable entry size: 512
[2024-03-11T02:58:40.387-0400][gc     ] Using G1
[2024-03-11T02:58:40.391-0400][gc,init] Version: 21.0.2+13-LTS-58 (release)
[2024-03-11T02:58:40.391-0400][gc,init] CPUs: 16 total, 16 available
[2024-03-11T02:58:40.391-0400][gc,init] Memory: 31936M
[2024-03-11T02:58:40.391-0400][gc,init] Large Page Support: Disabled
[2024-03-11T02:58:40.391-0400][gc,init] NUMA Support: Disabled
[2024-03-11T02:58:40.391-0400][gc,init] Compressed Oops: Enabled (32-bit)
[2024-03-11T02:58:40.391-0400][gc,init] Heap Region Size: 1M
[2024-03-11T02:58:40.391-0400][gc,init] Heap Min Capacity: 1G
[2024-03-11T02:58:40.392-0400][gc,init] Heap Initial Capacity: 1G
[2024-03-11T02:58:40.392-0400][gc,init] Heap Max Capacity: 1G
[2024-03-11T02:58:40.392-0400][gc,init] Pre-touch: Disabled
[2024-03-11T02:58:40.392-0400][gc,init] Parallel Workers: 13
[2024-03-11T02:58:40.392-0400][gc,init] Concurrent Workers: 3
[2024-03-11T02:58:40.392-0400][gc,init] Concurrent Refinement Workers: 13
[2024-03-11T02:58:40.392-0400][gc,init] Periodic GC: Disabled
[2024-03-11T02:58:40.399-0400][gc,metaspace] CDS archive(s) mapped at: [0x00000186c0000000-0x00000186c0c90000-0x00000186c0c90000), size 13172736, SharedBaseAddress: 0x00000186c0000000, ArchiveRelocationMode: 1.
[2024-03-11T02:58:40.399-0400][gc,metaspace] Compressed class space mapped at: 0x00000186c1000000-0x0000018701000000, reserved size: 1073741824
[2024-03-11T02:58:40.399-0400][gc,metaspace] Narrow klass base: 0x00000186c0000000, Narrow klass shift: 0, Narrow klass range: 0x100000000
[2024-03-11T02:58:41.132-0400][gc,start    ] GC(0) Pause Young (Normal) (G1 Evacuation Pause)
[2024-03-11T02:58:41.133-0400][gc,task     ] GC(0) Using 13 workers of 13 for evacuation
[2024-03-11T02:58:41.136-0400][gc,phases   ] GC(0)   Pre Evacuate Collection Set: 0.1ms
[2024-03-11T02:58:41.136-0400][gc,phases   ] GC(0)   Merge Heap Roots: 0.0ms
[2024-03-11T02:58:41.136-0400][gc,phases   ] GC(0)   Evacuate Collection Set: 3.0ms
[2024-03-11T02:58:41.136-0400][gc,phases   ] GC(0)   Post Evacuate Collection Set: 0.3ms
[2024-03-11T02:58:41.136-0400][gc,phases   ] GC(0)   Other: 0.3ms
[2024-03-11T02:58:41.136-0400][gc,heap     ] GC(0) Eden regions: 51->0(44)
[2024-03-11T02:58:41.136-0400][gc,heap     ] GC(0) Survivor regions: 0->7(7)
[2024-03-11T02:58:41.136-0400][gc,heap     ] GC(0) Old regions: 0->2
[2024-03-11T02:58:41.136-0400][gc,heap     ] GC(0) Humongous regions: 0->0
[2024-03-11T02:58:41.136-0400][gc,metaspace] GC(0) Metaspace: 17229K(17472K)->17229K(17472K) NonClass: 15235K(15360K)->15235K(15360K) Class: 1994K(2112K)->1994K(2112K)
[2024-03-11T02:58:41.136-0400][gc          ] GC(0) Pause Young (Normal) (G1 Evacuation Pause) 51M->8M(1024M) 3.945ms
[2024-03-11T02:58:41.136-0400][gc,cpu      ] GC(0) User=0.00s Sys=0.00s Real=0.00s
[2024-03-11T02:58:41.260-0400][gc,start    ] GC(1) Pause Young (Concurrent Start) (Metadata GC Threshold)
[2024-03-11T02:58:41.260-0400][gc,task     ] GC(1) Using 13 workers of 13 for evacuation
[2024-03-11T02:58:41.266-0400][gc,phases   ] GC(1)   Pre Evacuate Collection Set: 0.1ms
[2024-03-11T02:58:41.266-0400][gc,phases   ] GC(1)   Merge Heap Roots: 0.0ms
[2024-03-11T02:58:41.266-0400][gc,phases   ] GC(1)   Evacuate Collection Set: 5.4ms
[2024-03-11T02:58:41.266-0400][gc,phases   ] GC(1)   Post Evacuate Collection Set: 0.3ms
[2024-03-11T02:58:41.266-0400][gc,phases   ] GC(1)   Other: 0.0ms
[2024-03-11T02:58:41.266-0400][gc,heap     ] GC(1) Eden regions: 15->0(49)
[2024-03-11T02:58:41.266-0400][gc,heap     ] GC(1) Survivor regions: 7->2(7)
[2024-03-11T02:58:41.266-0400][gc,heap     ] GC(1) Old regions: 2->9
[2024-03-11T02:58:41.266-0400][gc,heap     ] GC(1) Humongous regions: 0->0
[2024-03-11T02:58:41.266-0400][gc,metaspace] GC(1) Metaspace: 21304K(21504K)->21304K(21504K) NonClass: 18841K(18944K)->18841K(18944K) Class: 2463K(2560K)->2463K(2560K)
[2024-03-11T02:58:41.266-0400][gc          ] GC(1) Pause Young (Concurrent Start) (Metadata GC Threshold) 23M->10M(1024M) 5.988ms
[2024-03-11T02:58:41.266-0400][gc,cpu      ] GC(1) User=0.00s Sys=0.00s Real=0.01s
[2024-03-11T02:58:41.266-0400][gc          ] GC(2) Concurrent Mark Cycle
[2024-03-11T02:58:41.266-0400][gc,marking  ] GC(2) Concurrent Scan Root Regions
[2024-03-11T02:58:41.266-0400][gc,marking  ] GC(2) Concurrent Scan Root Regions 0.653ms
[2024-03-11T02:58:41.266-0400][gc,marking  ] GC(2) Concurrent Mark
[2024-03-11T02:58:41.266-0400][gc,marking  ] GC(2) Concurrent Mark From Roots
[2024-03-11T02:58:41.266-0400][gc,task     ] GC(2) Using 3 workers of 3 for marking
[2024-03-11T02:58:41.267-0400][gc,marking  ] GC(2) Concurrent Mark From Roots 1.048ms
[2024-03-11T02:58:41.267-0400][gc,marking  ] GC(2) Concurrent Preclean
[2024-03-11T02:58:41.267-0400][gc,marking  ] GC(2) Concurrent Preclean 0.009ms
[2024-03-11T02:58:41.267-0400][gc,start    ] GC(2) Pause Remark
[2024-03-11T02:58:41.268-0400][gc          ] GC(2) Pause Remark 10M->10M(1024M) 0.831ms
[2024-03-11T02:58:41.268-0400][gc,cpu      ] GC(2) User=0.00s Sys=0.00s Real=0.00s
[2024-03-11T02:58:41.268-0400][gc,marking  ] GC(2) Concurrent Mark 1.980ms
[2024-03-11T02:58:41.268-0400][gc,marking  ] GC(2) Concurrent Rebuild Remembered Sets and Scrub Regions
[2024-03-11T02:58:41.269-0400][gc,marking  ] GC(2) Concurrent Rebuild Remembered Sets and Scrub Regions 0.275ms
[2024-03-11T02:58:41.269-0400][gc,start    ] GC(2) Pause Cleanup
[2024-03-11T02:58:41.269-0400][gc          ] GC(2) Pause Cleanup 10M->10M(1024M) 0.018ms
[2024-03-11T02:58:41.269-0400][gc,cpu      ] GC(2) User=0.00s Sys=0.00s Real=0.00s
[2024-03-11T02:58:41.269-0400][gc,marking  ] GC(2) Concurrent Clear Claimed Marks
[2024-03-11T02:58:41.269-0400][gc,marking  ] GC(2) Concurrent Clear Claimed Marks 0.015ms
[2024-03-11T02:58:41.269-0400][gc,marking  ] GC(2) Concurrent Cleanup for Next Mark
[2024-03-11T02:58:41.280-0400][gc,marking  ] GC(2) Concurrent Cleanup for Next Mark 11.193ms
[2024-03-11T02:58:41.280-0400][gc          ] GC(2) Concurrent Mark Cycle 14.339ms
[2024-03-11T02:58:42.026-0400][gc,start    ] GC(3) Pause Young (Normal) (G1 Evacuation Pause)
[2024-03-11T02:58:42.026-0400][gc,task     ] GC(3) Using 13 workers of 13 for evacuation
[2024-03-11T02:58:42.027-0400][gc,phases   ] GC(3)   Pre Evacuate Collection Set: 0.1ms
[2024-03-11T02:58:42.027-0400][gc,phases   ] GC(3)   Merge Heap Roots: 0.0ms
[2024-03-11T02:58:42.027-0400][gc,phases   ] GC(3)   Evacuate Collection Set: 1.0ms
[2024-03-11T02:58:42.027-0400][gc,phases   ] GC(3)   Post Evacuate Collection Set: 0.2ms
[2024-03-11T02:58:42.027-0400][gc,phases   ] GC(3)   Other: 0.0ms
[2024-03-11T02:58:42.027-0400][gc,heap     ] GC(3) Eden regions: 49->0(46)
[2024-03-11T02:58:42.027-0400][gc,heap     ] GC(3) Survivor regions: 2->5(7)
[2024-03-11T02:58:42.027-0400][gc,heap     ] GC(3) Old regions: 9->9
[2024-03-11T02:58:42.027-0400][gc,heap     ] GC(3) Humongous regions: 129->0
[2024-03-11T02:58:42.027-0400][gc,metaspace] GC(3) Metaspace: 32135K(32448K)->32135K(32448K) NonClass: 28512K(28672K)->28512K(28672K) Class: 3622K(3776K)->3622K(3776K)
[2024-03-11T02:58:42.027-0400][gc          ] GC(3) Pause Young (Normal) (G1 Evacuation Pause) 188M->13M(1024M) 1.501ms
[2024-03-11T02:58:42.027-0400][gc,cpu      ] GC(3) User=0.00s Sys=0.00s Real=0.00s
[2024-03-11T02:58:42.039-0400][gc,heap,exit] Heap
[2024-03-11T02:58:42.039-0400][gc,heap,exit]  garbage-first heap   total 1048576K, used 16382K [0x00000000c0000000, 0x0000000100000000)
[2024-03-11T02:58:42.039-0400][gc,heap,exit]   region size 1024K, 8 young (8192K), 5 survivors (5120K)
[2024-03-11T02:58:42.039-0400][gc,heap,exit]  Metaspace       used 32248K, committed 32576K, reserved 1114112K
[2024-03-11T02:58:42.039-0400][gc,heap,exit]   class space    used 3638K, committed 3776K, reserved 1048576K
