[2024-03-11T02:23:15.420-0400][gc,init] CardTable entry size: 512
[2024-03-11T02:23:15.420-0400][gc     ] Using G1
[2024-03-11T02:23:15.424-0400][gc,init] Version: 21.0.2+13-LTS-58 (release)
[2024-03-11T02:23:15.424-0400][gc,init] CPUs: 16 total, 16 available
[2024-03-11T02:23:15.424-0400][gc,init] Memory: 31936M
[2024-03-11T02:23:15.424-0400][gc,init] Large Page Support: Disabled
[2024-03-11T02:23:15.424-0400][gc,init] NUMA Support: Disabled
[2024-03-11T02:23:15.424-0400][gc,init] Compressed Oops: Enabled (32-bit)
[2024-03-11T02:23:15.424-0400][gc,init] Heap Region Size: 1M
[2024-03-11T02:23:15.424-0400][gc,init] Heap Min Capacity: 1G
[2024-03-11T02:23:15.424-0400][gc,init] Heap Initial Capacity: 1G
[2024-03-11T02:23:15.424-0400][gc,init] Heap Max Capacity: 1G
[2024-03-11T02:23:15.424-0400][gc,init] Pre-touch: Disabled
[2024-03-11T02:23:15.424-0400][gc,init] Parallel Workers: 13
[2024-03-11T02:23:15.424-0400][gc,init] Concurrent Workers: 3
[2024-03-11T02:23:15.424-0400][gc,init] Concurrent Refinement Workers: 13
[2024-03-11T02:23:15.424-0400][gc,init] Periodic GC: Disabled
[2024-03-11T02:23:15.430-0400][gc,metaspace] CDS archive(s) mapped at: [0x000001870f000000-0x000001870fc90000-0x000001870fc90000), size 13172736, SharedBaseAddress: 0x000001870f000000, ArchiveRelocationMode: 1.
[2024-03-11T02:23:15.430-0400][gc,metaspace] Compressed class space mapped at: 0x0000018710000000-0x0000018750000000, reserved size: 1073741824
[2024-03-11T02:23:15.430-0400][gc,metaspace] Narrow klass base: 0x000001870f000000, Narrow klass shift: 0, Narrow klass range: 0x100000000
[2024-03-11T02:23:16.184-0400][gc,start    ] GC(0) Pause Young (Normal) (G1 Evacuation Pause)
[2024-03-11T02:23:16.184-0400][gc,task     ] GC(0) Using 13 workers of 13 for evacuation
[2024-03-11T02:23:16.187-0400][gc,phases   ] GC(0)   Pre Evacuate Collection Set: 0.1ms
[2024-03-11T02:23:16.187-0400][gc,phases   ] GC(0)   Merge Heap Roots: 0.0ms
[2024-03-11T02:23:16.187-0400][gc,phases   ] GC(0)   Evacuate Collection Set: 2.4ms
[2024-03-11T02:23:16.187-0400][gc,phases   ] GC(0)   Post Evacuate Collection Set: 0.3ms
[2024-03-11T02:23:16.187-0400][gc,phases   ] GC(0)   Other: 0.3ms
[2024-03-11T02:23:16.187-0400][gc,heap     ] GC(0) Eden regions: 51->0(44)
[2024-03-11T02:23:16.187-0400][gc,heap     ] GC(0) Survivor regions: 0->7(7)
[2024-03-11T02:23:16.187-0400][gc,heap     ] GC(0) Old regions: 0->2
[2024-03-11T02:23:16.187-0400][gc,heap     ] GC(0) Humongous regions: 0->0
[2024-03-11T02:23:16.187-0400][gc,metaspace] GC(0) Metaspace: 17248K(17472K)->17248K(17472K) NonClass: 15251K(15360K)->15251K(15360K) Class: 1996K(2112K)->1996K(2112K)
[2024-03-11T02:23:16.187-0400][gc          ] GC(0) Pause Young (Normal) (G1 Evacuation Pause) 51M->8M(1024M) 3.437ms
[2024-03-11T02:23:16.187-0400][gc,cpu      ] GC(0) User=0.00s Sys=0.00s Real=0.00s
[2024-03-11T02:23:16.324-0400][gc,start    ] GC(1) Pause Young (Concurrent Start) (Metadata GC Threshold)
[2024-03-11T02:23:16.324-0400][gc,task     ] GC(1) Using 13 workers of 13 for evacuation
[2024-03-11T02:23:16.326-0400][gc,phases   ] GC(1)   Pre Evacuate Collection Set: 0.1ms
[2024-03-11T02:23:16.326-0400][gc,phases   ] GC(1)   Merge Heap Roots: 0.0ms
[2024-03-11T02:23:16.326-0400][gc,phases   ] GC(1)   Evacuate Collection Set: 1.9ms
[2024-03-11T02:23:16.326-0400][gc,phases   ] GC(1)   Post Evacuate Collection Set: 0.3ms
[2024-03-11T02:23:16.326-0400][gc,phases   ] GC(1)   Other: 0.1ms
[2024-03-11T02:23:16.326-0400][gc,heap     ] GC(1) Eden regions: 15->0(49)
[2024-03-11T02:23:16.326-0400][gc,heap     ] GC(1) Survivor regions: 7->2(7)
[2024-03-11T02:23:16.326-0400][gc,heap     ] GC(1) Old regions: 2->10
[2024-03-11T02:23:16.326-0400][gc,heap     ] GC(1) Humongous regions: 0->0
[2024-03-11T02:23:16.326-0400][gc,metaspace] GC(1) Metaspace: 21308K(21504K)->21308K(21504K) NonClass: 18830K(18944K)->18830K(18944K) Class: 2478K(2560K)->2478K(2560K)
[2024-03-11T02:23:16.326-0400][gc          ] GC(1) Pause Young (Concurrent Start) (Metadata GC Threshold) 23M->10M(1024M) 2.518ms
[2024-03-11T02:23:16.326-0400][gc,cpu      ] GC(1) User=0.00s Sys=0.00s Real=0.00s
[2024-03-11T02:23:16.326-0400][gc          ] GC(2) Concurrent Mark Cycle
[2024-03-11T02:23:16.326-0400][gc,marking  ] GC(2) Concurrent Scan Root Regions
[2024-03-11T02:23:16.327-0400][gc,marking  ] GC(2) Concurrent Scan Root Regions 0.684ms
[2024-03-11T02:23:16.327-0400][gc,marking  ] GC(2) Concurrent Mark
[2024-03-11T02:23:16.327-0400][gc,marking  ] GC(2) Concurrent Mark From Roots
[2024-03-11T02:23:16.327-0400][gc,task     ] GC(2) Using 3 workers of 3 for marking
[2024-03-11T02:23:16.328-0400][gc,marking  ] GC(2) Concurrent Mark From Roots 0.883ms
[2024-03-11T02:23:16.328-0400][gc,marking  ] GC(2) Concurrent Preclean
[2024-03-11T02:23:16.328-0400][gc,marking  ] GC(2) Concurrent Preclean 0.010ms
[2024-03-11T02:23:16.328-0400][gc,start    ] GC(2) Pause Remark
[2024-03-11T02:23:16.329-0400][gc          ] GC(2) Pause Remark 10M->10M(1024M) 0.767ms
[2024-03-11T02:23:16.329-0400][gc,cpu      ] GC(2) User=0.00s Sys=0.00s Real=0.00s
[2024-03-11T02:23:16.329-0400][gc,marking  ] GC(2) Concurrent Mark 1.770ms
[2024-03-11T02:23:16.329-0400][gc,marking  ] GC(2) Concurrent Rebuild Remembered Sets and Scrub Regions
[2024-03-11T02:23:16.330-0400][gc,marking  ] GC(2) Concurrent Rebuild Remembered Sets and Scrub Regions 0.715ms
[2024-03-11T02:23:16.330-0400][gc,start    ] GC(2) Pause Cleanup
[2024-03-11T02:23:16.330-0400][gc          ] GC(2) Pause Cleanup 10M->10M(1024M) 0.072ms
[2024-03-11T02:23:16.330-0400][gc,cpu      ] GC(2) User=0.00s Sys=0.00s Real=0.00s
[2024-03-11T02:23:16.330-0400][gc,marking  ] GC(2) Concurrent Clear Claimed Marks
[2024-03-11T02:23:16.330-0400][gc,marking  ] GC(2) Concurrent Clear Claimed Marks 0.018ms
[2024-03-11T02:23:16.330-0400][gc,marking  ] GC(2) Concurrent Cleanup for Next Mark
[2024-03-11T02:23:16.332-0400][gc,marking  ] GC(2) Concurrent Cleanup for Next Mark 1.933ms
[2024-03-11T02:23:16.332-0400][gc          ] GC(2) Concurrent Mark Cycle 5.412ms
[2024-03-11T02:23:16.825-0400][gc,start    ] GC(3) Pause Young (Normal) (G1 Evacuation Pause)
[2024-03-11T02:23:16.825-0400][gc,task     ] GC(3) Using 13 workers of 13 for evacuation
[2024-03-11T02:23:16.827-0400][gc,phases   ] GC(3)   Pre Evacuate Collection Set: 0.1ms
[2024-03-11T02:23:16.827-0400][gc,phases   ] GC(3)   Merge Heap Roots: 0.0ms
[2024-03-11T02:23:16.827-0400][gc,phases   ] GC(3)   Evacuate Collection Set: 1.3ms
[2024-03-11T02:23:16.827-0400][gc,phases   ] GC(3)   Post Evacuate Collection Set: 0.2ms
[2024-03-11T02:23:16.827-0400][gc,phases   ] GC(3)   Other: 0.0ms
[2024-03-11T02:23:16.827-0400][gc,heap     ] GC(3) Eden regions: 49->0(44)
[2024-03-11T02:23:16.827-0400][gc,heap     ] GC(3) Survivor regions: 2->7(7)
[2024-03-11T02:23:16.827-0400][gc,heap     ] GC(3) Old regions: 10->10
[2024-03-11T02:23:16.827-0400][gc,heap     ] GC(3) Humongous regions: 129->129
[2024-03-11T02:23:16.827-0400][gc,metaspace] GC(3) Metaspace: 33159K(33408K)->33159K(33408K) NonClass: 29579K(29696K)->29579K(29696K) Class: 3579K(3712K)->3579K(3712K)
[2024-03-11T02:23:16.827-0400][gc          ] GC(3) Pause Young (Normal) (G1 Evacuation Pause) 188M->144M(1024M) 1.863ms
[2024-03-11T02:23:16.827-0400][gc,cpu      ] GC(3) User=0.00s Sys=0.00s Real=0.00s
[2024-03-11T02:23:17.403-0400][gc,start    ] GC(4) Pause Young (Concurrent Start) (GCLocker Initiated GC)
[2024-03-11T02:23:17.403-0400][gc,task     ] GC(4) Using 13 workers of 13 for evacuation
[2024-03-11T02:23:17.405-0400][gc,phases   ] GC(4)   Pre Evacuate Collection Set: 0.1ms
[2024-03-11T02:23:17.405-0400][gc,phases   ] GC(4)   Merge Heap Roots: 0.0ms
[2024-03-11T02:23:17.405-0400][gc,phases   ] GC(4)   Evacuate Collection Set: 1.6ms
[2024-03-11T02:23:17.405-0400][gc,phases   ] GC(4)   Post Evacuate Collection Set: 0.2ms
[2024-03-11T02:23:17.405-0400][gc,phases   ] GC(4)   Other: 0.1ms
[2024-03-11T02:23:17.405-0400][gc,heap     ] GC(4) Eden regions: 12->0(49)
[2024-03-11T02:23:17.405-0400][gc,heap     ] GC(4) Survivor regions: 7->2(7)
[2024-03-11T02:23:17.405-0400][gc,heap     ] GC(4) Old regions: 10->16
[2024-03-11T02:23:17.405-0400][gc,heap     ] GC(4) Humongous regions: 129->129
[2024-03-11T02:23:17.405-0400][gc,metaspace] GC(4) Metaspace: 35732K(36032K)->35732K(36032K) NonClass: 31805K(32000K)->31805K(32000K) Class: 3927K(4032K)->3927K(4032K)
[2024-03-11T02:23:17.405-0400][gc          ] GC(4) Pause Young (Concurrent Start) (GCLocker Initiated GC) 156M->145M(1024M) 2.174ms
[2024-03-11T02:23:17.405-0400][gc,cpu      ] GC(4) User=0.00s Sys=0.00s Real=0.00s
[2024-03-11T02:23:17.405-0400][gc          ] GC(5) Concurrent Mark Cycle
[2024-03-11T02:23:17.405-0400][gc,marking  ] GC(5) Concurrent Scan Root Regions
[2024-03-11T02:23:17.406-0400][gc,marking  ] GC(5) Concurrent Scan Root Regions 0.862ms
[2024-03-11T02:23:17.406-0400][gc,marking  ] GC(5) Concurrent Mark
[2024-03-11T02:23:17.406-0400][gc,marking  ] GC(5) Concurrent Mark From Roots
[2024-03-11T02:23:17.406-0400][gc,task     ] GC(5) Using 3 workers of 3 for marking
[2024-03-11T02:23:17.408-0400][gc,marking  ] GC(5) Concurrent Mark From Roots 2.027ms
[2024-03-11T02:23:17.408-0400][gc,marking  ] GC(5) Concurrent Preclean
[2024-03-11T02:23:17.408-0400][gc,marking  ] GC(5) Concurrent Preclean 0.021ms
[2024-03-11T02:23:17.408-0400][gc,start    ] GC(5) Pause Remark
[2024-03-11T02:23:17.409-0400][gc          ] GC(5) Pause Remark 146M->146M(1024M) 1.030ms
[2024-03-11T02:23:17.409-0400][gc,cpu      ] GC(5) User=0.00s Sys=0.00s Real=0.00s
[2024-03-11T02:23:17.409-0400][gc,marking  ] GC(5) Concurrent Mark 3.196ms
[2024-03-11T02:23:17.410-0400][gc,marking  ] GC(5) Concurrent Rebuild Remembered Sets and Scrub Regions
[2024-03-11T02:23:17.411-0400][gc,marking  ] GC(5) Concurrent Rebuild Remembered Sets and Scrub Regions 1.544ms
[2024-03-11T02:23:17.411-0400][gc,start    ] GC(5) Pause Cleanup
[2024-03-11T02:23:17.411-0400][gc          ] GC(5) Pause Cleanup 146M->146M(1024M) 0.052ms
[2024-03-11T02:23:17.411-0400][gc,cpu      ] GC(5) User=0.00s Sys=0.00s Real=0.00s
[2024-03-11T02:23:17.411-0400][gc,marking  ] GC(5) Concurrent Clear Claimed Marks
[2024-03-11T02:23:17.411-0400][gc,marking  ] GC(5) Concurrent Clear Claimed Marks 0.015ms
[2024-03-11T02:23:17.411-0400][gc,marking  ] GC(5) Concurrent Cleanup for Next Mark
[2024-03-11T02:23:17.412-0400][gc,marking  ] GC(5) Concurrent Cleanup for Next Mark 0.461ms
[2024-03-11T02:23:17.412-0400][gc          ] GC(5) Concurrent Mark Cycle 6.325ms
[2024-03-11T02:24:50.851-0400][gc,heap,exit] Heap
[2024-03-11T02:24:50.851-0400][gc,heap,exit]  garbage-first heap   total 1048576K, used 168032K [0x00000000c0000000, 0x0000000100000000)
[2024-03-11T02:24:50.851-0400][gc,heap,exit]   region size 1024K, 21 young (21504K), 2 survivors (2048K)
[2024-03-11T02:24:50.851-0400][gc,heap,exit]  Metaspace       used 38208K, committed 38528K, reserved 1114112K
[2024-03-11T02:24:50.851-0400][gc,heap,exit]   class space    used 4320K, committed 4480K, reserved 1048576K
