[2024-03-11T02:58:26.553-0400][gc,init] CardTable entry size: 512
[2024-03-11T02:58:26.553-0400][gc     ] Using G1
[2024-03-11T02:58:26.555-0400][gc,init] Version: 21.0.2+13-LTS-58 (release)
[2024-03-11T02:58:26.555-0400][gc,init] CPUs: 16 total, 16 available
[2024-03-11T02:58:26.555-0400][gc,init] Memory: 31936M
[2024-03-11T02:58:26.555-0400][gc,init] Large Page Support: Disabled
[2024-03-11T02:58:26.555-0400][gc,init] NUMA Support: Disabled
[2024-03-11T02:58:26.555-0400][gc,init] Compressed Oops: Enabled (32-bit)
[2024-03-11T02:58:26.555-0400][gc,init] Heap Region Size: 1M
[2024-03-11T02:58:26.555-0400][gc,init] Heap Min Capacity: 512M
[2024-03-11T02:58:26.555-0400][gc,init] Heap Initial Capacity: 512M
[2024-03-11T02:58:26.555-0400][gc,init] Heap Max Capacity: 512M
[2024-03-11T02:58:26.555-0400][gc,init] Pre-touch: Disabled
[2024-03-11T02:58:26.555-0400][gc,init] Parallel Workers: 13
[2024-03-11T02:58:26.555-0400][gc,init] Concurrent Workers: 3
[2024-03-11T02:58:26.555-0400][gc,init] Concurrent Refinement Workers: 13
[2024-03-11T02:58:26.555-0400][gc,init] Periodic GC: Disabled
[2024-03-11T02:58:26.562-0400][gc,metaspace] CDS archive(s) mapped at: [0x0000014898000000-0x0000014898c90000-0x0000014898c90000), size 13172736, SharedBaseAddress: 0x0000014898000000, ArchiveRelocationMode: 1.
[2024-03-11T02:58:26.562-0400][gc,metaspace] Compressed class space mapped at: 0x0000014899000000-0x00000148d9000000, reserved size: 1073741824
[2024-03-11T02:58:26.562-0400][gc,metaspace] Narrow klass base: 0x0000014898000000, Narrow klass shift: 0, Narrow klass range: 0x100000000
[2024-03-11T02:58:27.016-0400][gc,start    ] GC(0) Pause Young (Normal) (GCLocker Initiated GC)
[2024-03-11T02:58:27.017-0400][gc,task     ] GC(0) Using 12 workers of 13 for evacuation
[2024-03-11T02:58:27.019-0400][gc,phases   ] GC(0)   Pre Evacuate Collection Set: 0.1ms
[2024-03-11T02:58:27.019-0400][gc,phases   ] GC(0)   Merge Heap Roots: 0.0ms
[2024-03-11T02:58:27.019-0400][gc,phases   ] GC(0)   Evacuate Collection Set: 2.3ms
[2024-03-11T02:58:27.019-0400][gc,phases   ] GC(0)   Post Evacuate Collection Set: 0.2ms
[2024-03-11T02:58:27.019-0400][gc,phases   ] GC(0)   Other: 0.3ms
[2024-03-11T02:58:27.019-0400][gc,heap     ] GC(0) Eden regions: 25->0(21)
[2024-03-11T02:58:27.019-0400][gc,heap     ] GC(0) Survivor regions: 0->4(4)
[2024-03-11T02:58:27.019-0400][gc,heap     ] GC(0) Old regions: 0->5
[2024-03-11T02:58:27.019-0400][gc,heap     ] GC(0) Humongous regions: 0->0
[2024-03-11T02:58:27.019-0400][gc,metaspace] GC(0) Metaspace: 8112K(8320K)->8112K(8320K) NonClass: 7254K(7360K)->7254K(7360K) Class: 858K(960K)->858K(960K)
[2024-03-11T02:58:27.019-0400][gc          ] GC(0) Pause Young (Normal) (GCLocker Initiated GC) 25M->9M(512M) 3.056ms
[2024-03-11T02:58:27.019-0400][gc,cpu      ] GC(0) User=0.00s Sys=0.00s Real=0.00s
[2024-03-11T02:59:19.804-0400][gc,heap,exit] Heap
[2024-03-11T02:59:19.804-0400][gc,heap,exit]  garbage-first heap   total 524288K, used 19458K [0x00000000e0000000, 0x0000000100000000)
[2024-03-11T02:59:19.804-0400][gc,heap,exit]   region size 1024K, 15 young (15360K), 4 survivors (4096K)
[2024-03-11T02:59:19.804-0400][gc,heap,exit]  Metaspace       used 9661K, committed 9856K, reserved 1114112K
[2024-03-11T02:59:19.804-0400][gc,heap,exit]   class space    used 1019K, committed 1088K, reserved 1048576K
