[2024-03-11T02:21:44.077-0400][gc,init] CardTable entry size: 512
[2024-03-11T02:21:44.077-0400][gc     ] Using G1
[2024-03-11T02:21:44.079-0400][gc,init] Version: 21.0.2+13-LTS-58 (release)
[2024-03-11T02:21:44.079-0400][gc,init] CPUs: 16 total, 16 available
[2024-03-11T02:21:44.079-0400][gc,init] Memory: 31936M
[2024-03-11T02:21:44.079-0400][gc,init] Large Page Support: Disabled
[2024-03-11T02:21:44.079-0400][gc,init] NUMA Support: Disabled
[2024-03-11T02:21:44.079-0400][gc,init] Compressed Oops: Enabled (32-bit)
[2024-03-11T02:21:44.079-0400][gc,init] Heap Region Size: 1M
[2024-03-11T02:21:44.079-0400][gc,init] Heap Min Capacity: 512M
[2024-03-11T02:21:44.079-0400][gc,init] Heap Initial Capacity: 512M
[2024-03-11T02:21:44.079-0400][gc,init] Heap Max Capacity: 512M
[2024-03-11T02:21:44.079-0400][gc,init] Pre-touch: Disabled
[2024-03-11T02:21:44.079-0400][gc,init] Parallel Workers: 13
[2024-03-11T02:21:44.079-0400][gc,init] Concurrent Workers: 3
[2024-03-11T02:21:44.079-0400][gc,init] Concurrent Refinement Workers: 13
[2024-03-11T02:21:44.079-0400][gc,init] Periodic GC: Disabled
[2024-03-11T02:21:44.085-0400][gc,metaspace] CDS archive(s) mapped at: [0x000001f093000000-0x000001f093c90000-0x000001f093c90000), size 13172736, SharedBaseAddress: 0x000001f093000000, ArchiveRelocationMode: 1.
[2024-03-11T02:21:44.085-0400][gc,metaspace] Compressed class space mapped at: 0x000001f094000000-0x000001f0d4000000, reserved size: 1073741824
[2024-03-11T02:21:44.085-0400][gc,metaspace] Narrow klass base: 0x000001f093000000, Narrow klass shift: 0, Narrow klass range: 0x100000000
[2024-03-11T02:21:44.534-0400][gc,start    ] GC(0) Pause Young (Normal) (G1 Evacuation Pause)
[2024-03-11T02:21:44.535-0400][gc,task     ] GC(0) Using 12 workers of 13 for evacuation
[2024-03-11T02:21:44.537-0400][gc,phases   ] GC(0)   Pre Evacuate Collection Set: 0.1ms
[2024-03-11T02:21:44.537-0400][gc,phases   ] GC(0)   Merge Heap Roots: 0.0ms
[2024-03-11T02:21:44.537-0400][gc,phases   ] GC(0)   Evacuate Collection Set: 2.4ms
[2024-03-11T02:21:44.537-0400][gc,phases   ] GC(0)   Post Evacuate Collection Set: 0.3ms
[2024-03-11T02:21:44.537-0400][gc,phases   ] GC(0)   Other: 0.4ms
[2024-03-11T02:21:44.537-0400][gc,heap     ] GC(0) Eden regions: 25->0(21)
[2024-03-11T02:21:44.537-0400][gc,heap     ] GC(0) Survivor regions: 0->4(4)
[2024-03-11T02:21:44.537-0400][gc,heap     ] GC(0) Old regions: 0->5
[2024-03-11T02:21:44.537-0400][gc,heap     ] GC(0) Humongous regions: 0->0
[2024-03-11T02:21:44.537-0400][gc,metaspace] GC(0) Metaspace: 8117K(8320K)->8117K(8320K) NonClass: 7259K(7360K)->7259K(7360K) Class: 858K(960K)->858K(960K)
[2024-03-11T02:21:44.537-0400][gc          ] GC(0) Pause Young (Normal) (G1 Evacuation Pause) 25M->8M(512M) 3.369ms
[2024-03-11T02:21:44.537-0400][gc,cpu      ] GC(0) User=0.00s Sys=0.00s Real=0.00s
[2024-03-11T02:24:43.467-0400][gc,heap,exit] Heap
[2024-03-11T02:24:43.467-0400][gc,heap,exit]  garbage-first heap   total 524288K, used 19002K [0x00000000e0000000, 0x0000000100000000)
[2024-03-11T02:24:43.467-0400][gc,heap,exit]   region size 1024K, 14 young (14336K), 4 survivors (4096K)
[2024-03-11T02:24:43.467-0400][gc,heap,exit]  Metaspace       used 9643K, committed 9856K, reserved 1114112K
[2024-03-11T02:24:43.467-0400][gc,heap,exit]   class space    used 1017K, committed 1088K, reserved 1048576K
